// Jest Snapshot v1, https://goo.gl/fbAQLP

exports[`Author Resolver should return an author 1`] = `
{
  "author": {
    "books": [],
    "id": "ffed4244-9d34-4b64-9fc6-68ef6b7cc98a",
    "name": "Adrian GÃ¶risch",
  },
}
`;
